[INFO] Scanning for projects...
[INFO] 
[INFO] -------------------------< com.sara:sara-api >--------------------------
[INFO] Building sara-api 0.0.1-SNAPSHOT
[INFO]   from pom.xml
[INFO] --------------------------------[ jar ]---------------------------------
[INFO] 
[INFO] --- resources:3.3.1:resources (default-resources) @ sara-api ---
[INFO] Copying 1 resource from src\main\resources to target\classes
[INFO] Copying 51 resources from src\main\resources to target\classes
[INFO] 
[INFO] --- compiler:3.11.0:compile (default-compile) @ sara-api ---
[INFO] Nothing to compile - all classes are up to date
[INFO] ------------------------------------------------------------------------
[INFO] BUILD SUCCESS
[INFO] ------------------------------------------------------------------------
[INFO] Total time:  46.546 s
[INFO] Finished at: 2026-03-29T18:04:52-03:00
[INFO] ------------------------------------------------------------------------
